aakritidogra@Aakritis-Air Projects % npx create-react-app my-app
cd my-app
npm
Need to install the following packages:
  create-react-app@5.0.1
Ok to proceed? (y) (y)
npm ERR! canceled

npm ERR! A complete log of this run can be found in: /Users/aakritidogra/.npm/_logs/2023-08-10T18_58_04_391Z-debug-0.log
cd: no such file or directory: my-app
npm <command>

Usage:

npm install        install all the dependencies in your project
npm install <foo>  add the <foo> dependency to your project
npm test           run this project's tests
npm run <foo>      run the script named <foo>
npm <command> -h   quick help on <command>
npm -l             display usage info for all commands
npm help <term>    search for help on <term>
npm help npm       more involved overview

All commands:

    access, adduser, audit, bugs, cache, ci, completion,
    config, dedupe, deprecate, diff, dist-tag, docs, doctor,
    edit, exec, explain, explore, find-dupes, fund, get, help,
    help-search, hook, init, install, install-ci-test,
    install-test, link, ll, login, logout, ls, org, outdated,
    owner, pack, ping, pkg, prefix, profile, prune, publish,
    query, rebuild, repo, restart, root, run-script, search,
    set, shrinkwrap, star, stars, start, stop, team, test,
    token, uninstall, unpublish, unstar, update, version, view,
    whoami

Specify configs in the ini-formatted file:
    /Users/aakritidogra/.npmrc
or on the command line via: npm <command> --key=value

More configuration info: npm help config
Configuration fields: npm help 7 config

npm@9.6.7 /usr/local/lib/node_modules/npm
aakritidogra@Aakritis-Air Projects % npx install
npm ERR! could not determine executable to run

npm ERR! A complete log of this run can be found in: /Users/aakritidogra/.npm/_logs/2023-08-10T18_59_18_884Z-debug-0.log
aakritidogra@Aakritis-Air Projects % npm install
npm ERR! code ENOENT
npm ERR! syscall open
npm ERR! path /Users/aakritidogra/Desktop/Projects/package.json
npm ERR! errno -2
npm ERR! enoent ENOENT: no such file or directory, open '/Users/aakritidogra/Desktop/Projects/package.json'
npm ERR! enoent This is related to npm not being able to find a file.
npm ERR! enoent 

npm ERR! A complete log of this run can be found in: /Users/aakritidogra/.npm/_logs/2023-08-10T18_59_47_824Z-debug-0.log
aakritidogra@Aakritis-Air Projects % npx create-react-app my-app
cd my-app
npm
Need to install the following packages:
  create-react-app@5.0.1
Ok to proceed? (y) 
npm WARN deprecated tar@2.2.2: This version of tar is no longer supported, and will not receive security updates. Please upgrade asap.

Creating a new React app in /Users/aakritidogra/Desktop/Projects/my-app.

Installing packages. This might take a couple of minutes.
Installing react, react-dom, and react-scripts with cra-template...


added 1427 packages in 35s

231 packages are looking for funding
  run `npm fund` for details

Initialized a git repository.

Installing template dependencies using npm...

added 74 packages, and changed 1 package in 4s

240 packages are looking for funding
  run `npm fund` for details
Removing template package using npm...


removed 1 package, and audited 1501 packages in 1s

240 packages are looking for funding
  run `npm fund` for details

6 high severity vulnerabilities

To address all issues (including breaking changes), run:
  npm audit fix --force

Run `npm audit` for details.

Created git commit.

Success! Created my-app at /Users/aakritidogra/Desktop/Projects/my-app
Inside that directory, you can run several commands:

  npm start
    Starts the development server.

  npm run build
    Bundles the app into static files for production.

  npm test
    Starts the test runner.

  npm run eject
    Removes this tool and copies build dependencies, configuration files
    and scripts into the app directory. If you do this, you can’t go back!

We suggest that you begin by typing:

  cd my-app
  npm start

Happy hacking!
npm <command>

Usage:

npm install        install all the dependencies in your project
npm install <foo>  add the <foo> dependency to your project
npm test           run this project's tests
npm run <foo>      run the script named <foo>
npm <command> -h   quick help on <command>
npm -l             display usage info for all commands
npm help <term>    search for help on <term>
npm help npm       more involved overview

All commands:

    access, adduser, audit, bugs, cache, ci, completion,
    config, dedupe, deprecate, diff, dist-tag, docs, doctor,
    edit, exec, explain, explore, find-dupes, fund, get, help,
    help-search, hook, init, install, install-ci-test,
    install-test, link, ll, login, logout, ls, org, outdated,
    owner, pack, ping, pkg, prefix, profile, prune, publish,
    query, rebuild, repo, restart, root, run-script, search,
    set, shrinkwrap, star, stars, start, stop, team, test,
    token, uninstall, unpublish, unstar, update, version, view,
    whoami

Specify configs in the ini-formatted file:
    /Users/aakritidogra/.npmrc
or on the command line via: npm <command> --key=value

More configuration info: npm help config
Configuration fields: npm help 7 config

npm@9.6.7 /usr/local/lib/node_modules/npm
aakritidogra@Aakritis-Air my-app % import React from 'react';

zsh: command not found: import
aakritidogra@Aakritis-Air my-app % 'react'
zsh: command not found: react
aakritidogra@Aakritis-Air my-app % react app
zsh: command not found: react
aakritidogra@Aakritis-Air my-app % npm create vite@4.1.0
Need to install the following packages:
  create-vite@4.1.0
Ok to proceed? (y) 
✔ Project name: … CryptoCurrency Price Tracker
✔ Package name: … cryptocurrency-price-tracker
✔ Select a framework: › React
✔ Select a variant: › JavaScript + SWC

Scaffolding project in /Users/aakritidogra/Desktop/Projects/my-app/CryptoCurrency Price Tracker...

Done. Now run:

  cd "CryptoCurrency Price Tracker"
  npm install
  npm run dev

aakritidogra@Aakritis-Air my-app % cd "CryptoCurrency Price Tracker"
  npm install
  npm run dev

added 22 packages, and audited 23 packages in 10s

4 packages are looking for funding
  run `npm fund` for details

found 0 vulnerabilities

> cryptocurrency-price-tracker@0.0.0 dev
> vite


  VITE v4.4.9  ready in 284 ms

  ➜  Local:   http://localhost:5173/
  ➜  Network: use --host to expose
  ➜  press h to show help








